--- [2026-09-29 21:15:12] MOCK sms -> +91-98765-43210 (demo) ---
[DEMO] आपातकालीन सूचना (गंभीर गर्मी) - Delhi NCR
ज़ोन #588: तापमान 32.35°C
दोपहर 12-4 बजे का काम टालें, पानी/ORS पीएं, बुज़ुर्गों का ख़याल रखें। - अर्बन हीट AI नगर निगम सूचना
---
[DEMO] HEAT ALERT (EXTREME) - Delhi NCR
Zone #588 near 28.654N, 77.2595E
Land surface temp 32.35C | Vulnerability index 0.812
~19,376 people at risk in this zone, incl. 3,487 elderly (65+), 2,325 children under 5 and 5,425 outdoor workers.
Avoid outdoor work 12-4 PM. Drink ORS/water often. Check on elderly neighbours. - Urban Heat AI municipal warning

--- [2026-09-29 21:15:12] MOCK whatsapp -> +91-98765-43210 (demo) ---
[DEMO] आपातकालीन सूचना (गंभीर गर्मी) - Delhi NCR
ज़ोन #588: तापमान 32.35°C
दोपहर 12-4 बजे का काम टालें, पानी/ORS पीएं, बुज़ुर्गों का ख़याल रखें। - अर्बन हीट AI नगर निगम सूचना
---
[DEMO] HEAT ALERT (EXTREME) - Delhi NCR
Zone #588 near 28.654N, 77.2595E
Land surface temp 32.35C | Vulnerability index 0.812
~19,376 people at risk in this zone, incl. 3,487 elderly (65+), 2,325 children under 5 and 5,425 outdoor workers.
Avoid outdoor work 12-4 PM. Drink ORS/water often. Check on elderly neighbours. - Urban Heat AI municipal warning

--- [2026-09-29 21:15:12] MOCK email -> heat-response-cell@municipal.gov.in ---
[DEMO] आपातकालीन सूचना (गंभीर गर्मी) - Delhi NCR
ज़ोन #588: तापमान 32.35°C
दोपहर 12-4 बजे का काम टालें, पानी/ORS पीएं, बुज़ुर्गों का ख़याल रखें। - अर्बन हीट AI नगर निगम सूचना
---
[DEMO] HEAT ALERT (EXTREME) - Delhi NCR
Zone #588 near 28.654N, 77.2595E
Land surface temp 32.35C | Vulnerability index 0.812
~19,376 people at risk in this zone, incl. 3,487 elderly (65+), 2,325 children under 5 and 5,425 outdoor workers.
Avoid outdoor work 12-4 PM. Drink ORS/water often. Check on elderly neighbours. - Urban Heat AI municipal warning

--- [2026-09-29 21:15:12] MOCK sms -> +91-98765-43210 (demo) ---
[DEMO] आपातकालीन सूचना (गंभीर गर्मी) - Delhi NCR
ज़ोन #557: तापमान 32.04°C
दोपहर 12-4 बजे का काम टालें, पानी/ORS पीएं, बुज़ुर्गों का ख़याल रखें। - अर्बन हीट AI नगर निगम सूचना
---
[DEMO] HEAT ALERT (EXTREME) - Delhi NCR
Zone #557 near 28.643N, 77.243E
Land surface temp 32.04C | Vulnerability index 0.8
~16,667 people at risk in this zone, incl. 3,000 elderly (65+), 2,000 children under 5 and 4,666 outdoor workers.
Avoid outdoor work 12-4 PM. Drink ORS/water often. Check on elderly neighbours. - Urban Heat AI municipal warning

--- [2026-09-29 21:15:12] MOCK whatsapp -> +91-98765-43210 (demo) ---
[DEMO] आपातकालीन सूचना (गंभीर गर्मी) - Delhi NCR
ज़ोन #557: तापमान 32.04°C
दोपहर 12-4 बजे का काम टालें, पानी/ORS पीएं, बुज़ुर्गों का ख़याल रखें। - अर्बन हीट AI नगर निगम सूचना
---
[DEMO] HEAT ALERT (EXTREME) - Delhi NCR
Zone #557 near 28.643N, 77.243E
Land surface temp 32.04C | Vulnerability index 0.8
~16,667 people at risk in this zone, incl. 3,000 elderly (65+), 2,000 children under 5 and 4,666 outdoor workers.
Avoid outdoor work 12-4 PM. Drink ORS/water often. Check on elderly neighbours. - Urban Heat AI municipal warning

--- [2026-09-29 21:15:12] MOCK email -> heat-response-cell@municipal.gov.in ---
[DEMO] आपातकालीन सूचना (गंभीर गर्मी) - Delhi NCR
ज़ोन #557: तापमान 32.04°C
दोपहर 12-4 बजे का काम टालें, पानी/ORS पीएं, बुज़ुर्गों का ख़याल रखें। - अर्बन हीट AI नगर निगम सूचना
---
[DEMO] HEAT ALERT (EXTREME) - Delhi NCR
Zone #557 near 28.643N, 77.243E
Land surface temp 32.04C | Vulnerability index 0.8
~16,667 people at risk in this zone, incl. 3,000 elderly (65+), 2,000 children under 5 and 4,666 outdoor workers.
Avoid outdoor work 12-4 PM. Drink ORS/water often. Check on elderly neighbours. - Urban Heat AI municipal warning

